// Jest Snapshot v1, https://goo.gl/fbAQLP

exports[`StatusFilter Component matches snapshot when a filter is selected 1`] = `
<DocumentFragment>
  <div
    class="MuiButtonGroup-root MuiButtonGroup-outlined MuiButtonGroup-horizontal MuiButtonGroup-colorPrimary css-zv9ro0-MuiButtonGroup-root"
    role="group"
  >
    <button
      aria-pressed="false"
      class="MuiButtonBase-root MuiButton-root MuiButton-outlined MuiButton-outlinedInherit MuiButton-sizeSmall MuiButton-outlinedSizeSmall MuiButton-colorInherit MuiButtonGroup-grouped MuiButtonGroup-groupedHorizontal MuiButtonGroup-groupedOutlined MuiButtonGroup-groupedOutlinedHorizontal MuiButtonGroup-groupedOutlinedPrimary MuiButton-root MuiButton-outlined MuiButton-outlinedInherit MuiButton-sizeSmall MuiButton-outlinedSizeSmall MuiButton-colorInherit MuiButtonGroup-grouped MuiButtonGroup-groupedHorizontal MuiButtonGroup-groupedOutlined MuiButtonGroup-groupedOutlinedHorizontal MuiButtonGroup-groupedOutlinedPrimary MuiButtonGroup-firstButton css-bnyy0h-MuiButtonBase-root-MuiButton-root"
      tabindex="0"
      type="button"
    >
      All
    </button>
    <button
      aria-pressed="false"
      class="MuiButtonBase-root MuiButton-root MuiButton-outlined MuiButton-outlinedInherit MuiButton-sizeSmall MuiButton-outlinedSizeSmall MuiButton-colorInherit MuiButtonGroup-grouped MuiButtonGroup-groupedHorizontal MuiButtonGroup-groupedOutlined MuiButtonGroup-groupedOutlinedHorizontal MuiButtonGroup-groupedOutlinedPrimary MuiButton-root MuiButton-outlined MuiButton-outlinedInherit MuiButton-sizeSmall MuiButton-outlinedSizeSmall MuiButton-colorInherit MuiButtonGroup-grouped MuiButtonGroup-groupedHorizontal MuiButtonGroup-groupedOutlined MuiButtonGroup-groupedOutlinedHorizontal MuiButtonGroup-groupedOutlinedPrimary MuiButtonGroup-middleButton css-bnyy0h-MuiButtonBase-root-MuiButton-root"
      tabindex="0"
      type="button"
    >
      Todo
    </button>
    <button
      aria-pressed="false"
      class="MuiButtonBase-root MuiButton-root MuiButton-outlined MuiButton-outlinedInherit MuiButton-sizeSmall MuiButton-outlinedSizeSmall MuiButton-colorInherit MuiButtonGroup-grouped MuiButtonGroup-groupedHorizontal MuiButtonGroup-groupedOutlined MuiButtonGroup-groupedOutlinedHorizontal MuiButtonGroup-groupedOutlinedPrimary MuiButton-root MuiButton-outlined MuiButton-outlinedInherit MuiButton-sizeSmall MuiButton-outlinedSizeSmall MuiButton-colorInherit MuiButtonGroup-grouped MuiButtonGroup-groupedHorizontal MuiButtonGroup-groupedOutlined MuiButtonGroup-groupedOutlinedHorizontal MuiButtonGroup-groupedOutlinedPrimary MuiButtonGroup-middleButton css-bnyy0h-MuiButtonBase-root-MuiButton-root"
      tabindex="0"
      type="button"
    >
      In Progress
    </button>
    <button
      aria-pressed="true"
      class="MuiButtonBase-root MuiButton-root MuiButton-outlined MuiButton-outlinedPrimary MuiButton-sizeSmall MuiButton-outlinedSizeSmall MuiButton-colorPrimary MuiButtonGroup-grouped MuiButtonGroup-groupedHorizontal MuiButtonGroup-groupedOutlined MuiButtonGroup-groupedOutlinedHorizontal MuiButtonGroup-groupedOutlinedPrimary MuiButton-root MuiButton-outlined MuiButton-outlinedPrimary MuiButton-sizeSmall MuiButton-outlinedSizeSmall MuiButton-colorPrimary MuiButtonGroup-grouped MuiButtonGroup-groupedHorizontal MuiButtonGroup-groupedOutlined MuiButtonGroup-groupedOutlinedHorizontal MuiButtonGroup-groupedOutlinedPrimary MuiButtonGroup-lastButton css-wyro15-MuiButtonBase-root-MuiButton-root"
      tabindex="0"
      type="button"
    >
      Done
    </button>
  </div>
</DocumentFragment>
`;

exports[`StatusFilter Component matches snapshot when no filter is selected 1`] = `
<DocumentFragment>
  <div
    class="MuiButtonGroup-root MuiButtonGroup-outlined MuiButtonGroup-horizontal MuiButtonGroup-colorPrimary css-zv9ro0-MuiButtonGroup-root"
    role="group"
  >
    <button
      aria-pressed="true"
      class="MuiButtonBase-root MuiButton-root MuiButton-outlined MuiButton-outlinedPrimary MuiButton-sizeSmall MuiButton-outlinedSizeSmall MuiButton-colorPrimary MuiButtonGroup-grouped MuiButtonGroup-groupedHorizontal MuiButtonGroup-groupedOutlined MuiButtonGroup-groupedOutlinedHorizontal MuiButtonGroup-groupedOutlinedPrimary MuiButton-root MuiButton-outlined MuiButton-outlinedPrimary MuiButton-sizeSmall MuiButton-outlinedSizeSmall MuiButton-colorPrimary MuiButtonGroup-grouped MuiButtonGroup-groupedHorizontal MuiButtonGroup-groupedOutlined MuiButtonGroup-groupedOutlinedHorizontal MuiButtonGroup-groupedOutlinedPrimary MuiButtonGroup-firstButton css-wyro15-MuiButtonBase-root-MuiButton-root"
      tabindex="0"
      type="button"
    >
      All
    </button>
    <button
      aria-pressed="false"
      class="MuiButtonBase-root MuiButton-root MuiButton-outlined MuiButton-outlinedInherit MuiButton-sizeSmall MuiButton-outlinedSizeSmall MuiButton-colorInherit MuiButtonGroup-grouped MuiButtonGroup-groupedHorizontal MuiButtonGroup-groupedOutlined MuiButtonGroup-groupedOutlinedHorizontal MuiButtonGroup-groupedOutlinedPrimary MuiButton-root MuiButton-outlined MuiButton-outlinedInherit MuiButton-sizeSmall MuiButton-outlinedSizeSmall MuiButton-colorInherit MuiButtonGroup-grouped MuiButtonGroup-groupedHorizontal MuiButtonGroup-groupedOutlined MuiButtonGroup-groupedOutlinedHorizontal MuiButtonGroup-groupedOutlinedPrimary MuiButtonGroup-middleButton css-bnyy0h-MuiButtonBase-root-MuiButton-root"
      tabindex="0"
      type="button"
    >
      Todo
    </button>
    <button
      aria-pressed="false"
      class="MuiButtonBase-root MuiButton-root MuiButton-outlined MuiButton-outlinedInherit MuiButton-sizeSmall MuiButton-outlinedSizeSmall MuiButton-colorInherit MuiButtonGroup-grouped MuiButtonGroup-groupedHorizontal MuiButtonGroup-groupedOutlined MuiButtonGroup-groupedOutlinedHorizontal MuiButtonGroup-groupedOutlinedPrimary MuiButton-root MuiButton-outlined MuiButton-outlinedInherit MuiButton-sizeSmall MuiButton-outlinedSizeSmall MuiButton-colorInherit MuiButtonGroup-grouped MuiButtonGroup-groupedHorizontal MuiButtonGroup-groupedOutlined MuiButtonGroup-groupedOutlinedHorizontal MuiButtonGroup-groupedOutlinedPrimary MuiButtonGroup-middleButton css-bnyy0h-MuiButtonBase-root-MuiButton-root"
      tabindex="0"
      type="button"
    >
      In Progress
    </button>
    <button
      aria-pressed="false"
      class="MuiButtonBase-root MuiButton-root MuiButton-outlined MuiButton-outlinedInherit MuiButton-sizeSmall MuiButton-outlinedSizeSmall MuiButton-colorInherit MuiButtonGroup-grouped MuiButtonGroup-groupedHorizontal MuiButtonGroup-groupedOutlined MuiButtonGroup-groupedOutlinedHorizontal MuiButtonGroup-groupedOutlinedPrimary MuiButton-root MuiButton-outlined MuiButton-outlinedInherit MuiButton-sizeSmall MuiButton-outlinedSizeSmall MuiButton-colorInherit MuiButtonGroup-grouped MuiButtonGroup-groupedHorizontal MuiButtonGroup-groupedOutlined MuiButtonGroup-groupedOutlinedHorizontal MuiButtonGroup-groupedOutlinedPrimary MuiButtonGroup-lastButton css-bnyy0h-MuiButtonBase-root-MuiButton-root"
      tabindex="0"
      type="button"
    >
      Done
    </button>
  </div>
</DocumentFragment>
`;
